INFO         | Android emulator version 36.4.9.0 (build_id 14788078) (CL:N/A)
INFO         | Graphics backend: gfxstream
INFO         | Found systemPath C:\Users\bhang\AppData\Local\Android\Sdk\system-images\android-36.1\google_apis_playstore\x86_64\
WARNING      | Please update the emulator to one that supports the feature(s): VulkanVirtualQueue
INFO         | IPv4 server found: 192.168.1.1
INFO         | Ignore IPv6 address: c9:77a6:ff01:0:a0c3:77a6:ff01:0
INFO         | Ignore IPv6 address: c9:77a6:ff01:0:a0c3:77a6:ff01:0
INFO         | Ignore IPv6 address: c9:77a6:ff01:0:a0c3:77a6:ff01:0
INFO         | Ignore IPv6 address: 18cf:77a6:ff01:0:a0c3:77a6:ff01:0
INFO         | Ignore IPv6 address: 18cf:77a6:ff01:0:a0c3:77a6:ff01:0
INFO         | Ignore IPv6 address: 18cf:77a6:ff01:0:a0c3:77a6:ff01:0
INFO         | Ignore IPv6 address: 30d5:77a6:ff01:0:a0c3:77a6:ff01:0
INFO         | Ignore IPv6 address: 30d5:77a6:ff01:0:a0c3:77a6:ff01:0
INFO         | Ignore IPv6 address: 20df:77a6:ff01:0:a0c3:77a6:ff01:0
INFO         | Ignore IPv6 address: 20df:77a6:ff01:0:a0c3:77a6:ff01:0
INFO         | Ignore IPv6 address: 20df:77a6:ff01:0:a0c3:77a6:ff01:0
INFO         | Ignore IPv6 address: 40e5:77a6:ff01:0:a0c3:77a6:ff01:0
INFO         | Ignore IPv6 address: 40e5:77a6:ff01:0:a0c3:77a6:ff01:0
INFO         | Ignore IPv6 address: 40e5:77a6:ff01:0:a0c3:77a6:ff01:0
INFO         | Guest GLES Driver: Auto (ext controls)
INFO         | emuglConfig_init: vulkan_mode_selected:swiftshader gles_mode_selected:swiftshader
INFO         | Checking system compatibility:
INFO         |   Checking: hasCompatibleHypervisor
INFO         |      Ok: Hypervisor compatibility to run avd: `Medium_Phone_API_36.1` are met
INFO         |   Checking: hasSufficientSystem
INFO         |      Ok: System requirements to run avd: `Medium_Phone_API_36.1` are met
INFO         |   Checking: hasSufficientHwGpu
INFO         |      Ok: Hardware GPU compatibility checks are not required
INFO         |   Checking: hasSufficientDiskSpace
INFO         |      Ok: Disk space requirements to run avd: `Medium_Phone_API_36.1` are met
INFO         | Storing crashdata in: C:\Users\bhang\AppData\Local\Temp\\AndroidEmulator\emu-crash-36.4.9.db, detection is enabled for process: 8952
INFO         | Initializing gfxstream backend
INFO         | android_startOpenglesRenderer: gpu info
INFO         | GPU #1
  Make: 10de
  Model: NVIDIA GeForce GTX 1050
  Device ID: 1c91

INFO         | initIcdPaths: ICD set to 'swiftshader', using Swiftshader ICD
INFO         | Setting ICD filenames for the loader = C:\Users\bhang\AppData\Local\Android\Sdk\emulator\lib64\vulkan\vk_swiftshader_icd.json
INFO         | SharedLibrary::open for [C:\Users\bhang\AppData\Local\Android\Sdk\emulator\qemu\windows-x86_64\lib64\vulkan\vulkan-1.dll]
INFO         | SharedLibrary::open for [C:\Users\bhang\AppData\Local\Android\Sdk\emulator\lib64\vulkan\vulkan-1.dll]
INFO         | Added library: C:\Users\bhang\AppData\Local\Android\Sdk\emulator\lib64\vulkan\vulkan-1.dll
INFO         | Selecting Vulkan device: SwiftShader Device (LLVM 10.0.0), Version: 1.2.0
INFO         | Initializing VkEmulation features:
INFO         |     glInteropSupported: false
INFO         |     useDeferredCommands: true
INFO         |     createResourceWithRequirements: true
INFO         |     useVulkanComposition: false
INFO         |     useVulkanNativeSwapchain: false
INFO         |     enable guestRenderDoc: false
INFO         |     ASTC LDR emulation mode: Gpu
INFO         |     enable ETC2 emulation: true
INFO         |     enable Ycbcr emulation: false
INFO         |     guestVulkanOnly: false
INFO         |     useDedicatedAllocations: false
INFO         | Graphics Adapter Vendor Google (Google Inc.)
INFO         | Graphics Adapter Android Emulator OpenGL ES Translator (Google SwiftShader)
INFO         | Graphics API Version OpenGL ES 3.0 (OpenGL ES 3.0 SwiftShader 4.0.0.1)
INFO         | Graphics API Extensions GL_OES_EGL_sync GL_OES_EGL_image GL_OES_EGL_image_external GL_OES_depth24 GL_OES_depth32 GL_OES_element_index_uint GL_OES_texture_float GL_OES_texture_float_linear GL_OES_compressed_paletted_texture GL_OES_compressed_ETC1_RGB8_texture GL_OES_depth_texture GL_OES_texture_half_float GL_OES_texture_half_float_linear GL_OES_packed_depth_stencil GL_OES_vertex_half_float GL_OES_standard_derivatives GL_OES_texture_npot GL_OES_rgb8_rgba8 GL_EXT_color_buffer_float GL_EXT_color_buffer_half_float GL_EXT_texture_format_BGRA8888 GL_APPLE_texture_format_BGRA8888 
INFO         | Graphics Device Extensions N/A
INFO         | Disabling sparse binding feature support
INFO         | Sending adb public key [QAAAAMVyGjDzwyXfLAi0sDsHoWyqPusyv+8rakN5m74P7wREK+gt5KFwg12eOnDYrywpFoTtyFytKRZa0qU3qIBWoU4ADrp5iozSN9WenqgT0xzDYzxeAO0HTI0M+FH3QthA2jaGhaAHd/nvW9UhAhPp/g9fZ4tnRR3h1skGB0D5k/vrMrVvd1wWydwjQagRkiDlaUXiC2p8YLbSrePvhcO1++F3ha+wxla1+HXltNEThVq+KNatgiKjcObnzZpmB3ffYd13kb/K2Q+tLvwKGNgbUma9k3c5No/mPm/9No2hP04LctuC3QHSEdiWqsGfRbBiL0PtHaKKMK/9Ch3uGRJjfloQAvrMIvow7YxruzuviiRUGeypfEeCd0iDe7fy0vqYmSOsunE76e5mZcfG11Ye5A28ikmHKhsmXJnbD8pjx7/GdU4t/aFb94uFTdNLWHwhecyHGIZkLim14FjM6Pv4mz7Khql0orfCeXOEfRvlNsDeGKhNtJlWiWiU0sVu86ziidHEWPRj1ugN7jVgHppMweYWounmLjIbwBHy+7egd1iE3WGI0F578nYEmsbXO4LRj5ZFStJZSvjBWe2545ip9gUFGiwVwNiGEgEULJX0rOUNCX1xPSoJdPzTxJ8REcQNXqr6DT/F1JbzJ3FHJUSpAhb50gRmCRVWZq2JJYXueMDPggiYlQEAAQA= @unknown]
INFO         | Userspace boot properties:
INFO         |   androidboot.boot_devices=pci0000:00/0000:00:03.0 pci0000:00/0000:00:06.0
INFO         |   androidboot.dalvik.vm.heapsize=512m
INFO         |   androidboot.debug.hwui.renderer=skiagl
INFO         |   androidboot.debug.sf.nobootanimation=1
INFO         |   androidboot.hardware=ranchu
INFO         |   androidboot.hardware.gltransport=pipe
INFO         |   androidboot.hardware.vulkan=ranchu
INFO         |   androidboot.logcat=*:V
INFO         |   androidboot.opengles.version=196608
INFO         |   androidboot.qemu=1
INFO         |   androidboot.qemu.adb.pubkey=QAAAAMVyGjDzwyXfLAi0sDsHoWyqPusyv+8rakN5m74P7wREK+gt5KFwg12eOnDYrywpFoTtyFytKRZa0qU3qIBWoU4ADrp5iozSN9WenqgT0xzDYzxeAO0HTI0M+FH3QthA2jaGhaAHd/nvW9UhAhPp/g9fZ4tnRR3h1skGB0D5k/vrMrVvd1wWydwjQagRkiDlaUXiC2p8YLbSrePvhcO1++F3ha+wxla1+HXltNEThVq+KNatgiKjcObnzZpmB3ffYd13kb/K2Q+tLvwKGNgbUma9k3c5No/mPm/9No2hP04LctuC3QHSEdiWqsGfRbBiL0PtHaKKMK/9Ch3uGRJjfloQAvrMIvow7YxruzuviiRUGeypfEeCd0iDe7fy0vqYmSOsunE76e5mZcfG11Ye5A28ikmHKhsmXJnbD8pjx7/GdU4t/aFb94uFTdNLWHwhecyHGIZkLim14FjM6Pv4mz7Khql0orfCeXOEfRvlNsDeGKhNtJlWiWiU0sVu86ziidHEWPRj1ugN7jVgHppMweYWounmLjIbwBHy+7egd1iE3WGI0F578nYEmsbXO4LRj5ZFStJZSvjBWe2545ip9gUFGiwVwNiGEgEULJX0rOUNCX1xPSoJdPzTxJ8REcQNXqr6DT/F1JbzJ3FHJUSpAhb50gRmCRVWZq2JJYXueMDPggiYlQEAAQA= @unknown
INFO         |   androidboot.qemu.avd_name=Medium_Phone_API_36.1
INFO         |   androidboot.qemu.camera_hq_edge_processing=0
INFO         |   androidboot.qemu.camera_protocol_ver=1
INFO         |   androidboot.qemu.cpuvulkan.version=4202496
INFO         |   androidboot.qemu.gltransport.drawFlushInterval=800
INFO         |   androidboot.qemu.gltransport.name=pipe
INFO         |   androidboot.qemu.hwcodec.avcdec=2
INFO         |   androidboot.qemu.hwcodec.hevcdec=2
INFO         |   androidboot.qemu.hwcodec.vpxdec=2
INFO         |   androidboot.qemu.settings.system.screen_off_timeout=2147483647
INFO         |   androidboot.qemu.skin=1080x2400
INFO         |   androidboot.qemu.virtiowifi=1
INFO         |   androidboot.qemu.vsync=60
INFO         |   androidboot.serialno=EMULATOR36X4X9X0
INFO         |   androidboot.vbmeta.digest=8c6ff42bff8696120e63308883e0cfad21d048439d53af334ec09bf5eb680f47
INFO         |   androidboot.vbmeta.hash_alg=sha256
INFO         |   androidboot.vbmeta.size=6720
INFO         |   androidboot.veritymode=enforcing
AEHD is operational
host doesn't support requested feature: CPUID.01H:ECX.xsave [bit 26]
host doesn't support requested feature: CPUID.01H:ECX.avx [bit 28]
host doesn't support requested feature: CPUID.01H:ECX.xsave [bit 26]
host doesn't support requested feature: CPUID.01H:ECX.avx [bit 28]
host doesn't support requested feature: CPUID.01H:ECX.xsave [bit 26]
host doesn't support requested feature: CPUID.01H:ECX.avx [bit 28]
host doesn't support requested feature: CPUID.01H:ECX.xsave [bit 26]
host doesn't support requested feature: CPUID.01H:ECX.avx [bit 28]
INFO         | Monitoring duration of emulator setup.
WARNING      | The emulator now requires a signed jwt token for gRPC access! Use the -grpc flag if you really want an open unprotected grpc port
INFO         | Using security allow list from: C:\Users\bhang\AppData\Local\Android\Sdk\emulator\lib\emulator_access.json
WARNING      | *** Basic token auth should only be used by android-studio ***
INFO         | The active JSON Web Key Sets can be found here: C:\Users\bhang\AppData\Local\Temp\avd\running\8952\jwks\e0cc5f07-746a-47bf-9ed0-52da787f9eb3\active.jwk
INFO         | Scanning C:\Users\bhang\AppData\Local\Temp\avd\running\8952\jwks\e0cc5f07-746a-47bf-9ed0-52da787f9eb3 for jwk keys.
INFO         | Started GRPC server at 127.0.0.1:8554, security: Local, auth: +token
INFO         | Advertising in: C:\Users\bhang\AppData\Local\Temp\avd\running\pid_8952.ini
INFO         | Setting display: 0 configuration to: 1080x2400, dpi: 420x420 
INFO         | setDisplayActiveConfig 0
USER_INFO    | Emulator is performing a full startup. This may take upto two minutes, or more.
INFO         | Activated packet streamer for bluetooth emulation
INFO         | Activated packet streamer for uwb emulation
INFO         | Boot completed in 88494 ms
INFO         | Increasing screen off timeout, logcat buffer size to 2M.
INFO         | Wait for emulator (pid 8952) 20 seconds to shutdown gracefully before kill;you can set environment variable ANDROID_EMULATOR_WAIT_TIME_BEFORE_KILL(in seconds) to change the default value (20 seconds)

WARNING      | Not saving state: RAM not mapped as shared
INFO         | Saving snapshot 'default_boot' using 7 ms
